C51 COMPILER V9.00   PWM                                                                   09/11/2015 18:49:09 PAGE 1   


C51 COMPILER V9.00, COMPILATION OF MODULE PWM
OBJECT MODULE PLACED IN PWM.OBJ
COMPILER INVOKED BY: D:\Keil\C51\BIN\C51.EXE PWM.c BROWSE DEBUG OBJECTEXTEND

line level    source

   1          /**************************************************
   2                                                  舵机操作实验
   3                                  使用定时器中断0，来实现舵机的打脚，
   4                  分别打脚45度，90度，135度和180度，循环一次一共是2秒
   5          
   6          ***************************************************/
   7          
   8          #include <reg52.h>
   9          
  10          sbit PWM = P3^7;
  11          unsigned char Count;
  12          int Count1 = 0;
  13          
  14          /*************************************************
  15          
  16                                  定时器0初始化函数
  17          
  18          **************************************************/
  19          void Timer0_Init()
  20          {
  21   1              TMOD = 0x01;                       // 设置定时器0的工作方式
  22   1              TH0 = (65536 - 500)/256;  // 对寄存器装入初值，高八位
  23   1              TL0 = (65536 - 500)%256;  // 低八位
  24   1              ET0 = 1;                                   // 开启定时器0中断
  25   1              TR0 = 1;                                   // 启动定时器0
  26   1              EA = 1;                                    // 开总中断
  27   1      }
  28          
  29          
  30          
  31          /**************************************************
  32          
  33                                          主函数
  34          
  35          ***************************************************/
  36          
  37          void main()
  38          {
  39   1      
  40   1              int n = 1;
  41   1              Timer0_Init();     // 初始化定时器
  42   1              while(1)                   // 等待中断的发生
  43   1              {                               
  44   2                      if(Count >= 40)
  45   2                      {
  46   3      
  47   3                              Count = 0;
  48   3                      }
  49   2                      else
  50   2                      {
  51   3                              if(Count <= 1*n)
  52   3                              {
  53   4                                      PWM = 1;
  54   4                              }
  55   3                              else
C51 COMPILER V9.00   PWM                                                                   09/11/2015 18:49:09 PAGE 2   

  56   3                              {
  57   4                                      PWM = 0;
  58   4                              }
  59   3                      }
  60   2                      
  61   2      
  62   2                      if(Count1 > 1000)
  63   2                      {
  64   3                              n++;  
  65   3                              Count1 = 0;
  66   3                              if(n > 5)
  67   3                              {
  68   4                                      n = 1;
  69   4                              }
  70   3                              
  71   3                      }
  72   2              
  73   2              }
  74   1      }
  75          
  76          
  77          /**************************************************
  78          
  79                                     定时器0中断服务程序
  80          
  81          ***************************************************/
  82          
  83          void Timer0() interrupt 1
  84          {
  85   1              TH0 = (65536 - 500)/256;  // 对寄存器装入初值，高八位
  86   1              TL0 = (65536 - 500)%256;  // 低八位
  87   1      
  88   1              Count++;
  89   1              Count1++;
  90   1      
  91   1      }
  92          
  93          
  94          
  95          
  96          


MODULE INFORMATION:   STATIC OVERLAYABLE
   CODE SIZE        =    115    ----
   CONSTANT SIZE    =   ----    ----
   XDATA SIZE       =   ----    ----
   PDATA SIZE       =   ----    ----
   DATA SIZE        =      3    ----
   IDATA SIZE       =   ----    ----
   BIT SIZE         =   ----    ----
END OF MODULE INFORMATION.


C51 COMPILATION COMPLETE.  0 WARNING(S),  0 ERROR(S)
