C51 COMPILER V9.00   DIGITAL_TUBE                                                          09/09/2015 10:50:48 PAGE 1   


C51 COMPILER V9.00, COMPILATION OF MODULE DIGITAL_TUBE
OBJECT MODULE PLACED IN Digital_Tube.OBJ
COMPILER INVOKED BY: D:\Keil\C51\BIN\C51.EXE Digital_Tube.c BROWSE DEBUG OBJECTEXTEND

line level    source

   1          /********************************************************
   2          
   3                                                  动态数码管计数实验
   4                                                          
   5                  连接方法：P1口排针和8位数码管左侧排针用排线连接起来
   6                          
   7          
   8          ********************************************************/
   9          
  10          #include <reg52.h>
  11          
  12          #define uchar unsigned char
  13          
  14          sbit HC138A = P2^2;                     //定义译码器输入端A  在 P2.2 管脚上
  15          sbit HC138B = P2^3;                     //定义译码器输入端B  在 P2.3 管脚上
  16          sbit HC138C = P2^4;                     //定义译码器输入端C  在 P2.4 管脚上                     
  17          
  18          uchar code table[] = {0x3F, 0x06, 0x5B, 0x4F, 0x66, 0x6D, 0x7D, 0x07, 0x7F, 0x6F, 0x77, 0x7C, 0x39, 0x5E, 
             -0x79, 0x71};
  19          
  20          //uchar code dispbit[]={0xfe, 0xfd, 0xfb, 0xf7, 0xef, 0xdF, 0xbF, 0x7F};    //位选控制   查表的方法控制
  21          
  22          /***********************************************
  23          
  24                     延时函数    延时时间大致为n毫秒
  25          
  26          ************************************************/
  27          void delay_nms(int n)
  28          {
  29   1              int i, j;
  30   1              for(i = 0; i < n; i++)
  31   1              {
  32   2                      for(j = 0; j < 110; j++) ;
  33   2              }
  34   1      }
  35          
  36          /***********************************************
  37          
  38                    主函数
  39          
  40          ***********************************************/
  41          void main()
  42          {
  43   1      //      int Bit = 0;   //控制位选
  44   1      
  45   1              int count = 10;
  46   1              int High = 0, Low = 0;
  47   1              uchar LED_Out[8] = {0x00};
  48   1              
  49   1              while(1)
  50   1              {
  51   2                      if(Low >= 10000)
  52   2                      {
  53   3                              High++;                                         //万位增加
  54   3                              Low = 0;
C51 COMPILER V9.00   DIGITAL_TUBE                                                          09/09/2015 10:50:48 PAGE 2   

  55   3                      }
  56   2      
  57   2                      LED_Out[0] = Low%10;                    //取出数字个位
  58   2                      LED_Out[1] = Low/10%10;                 //取出数字十位
  59   2                      LED_Out[2] = Low/100%10;                //取出数字百位
  60   2                      LED_Out[3] = Low/1000%10;               //取出数字千位
  61   2      
  62   2                      LED_Out[4] = High%10;                   //取出数字万位
  63   2                      LED_Out[5] = High/10%10;                //取出数字十万位
  64   2                      LED_Out[6] = High/100%10;               //取出数字百万位
  65   2                      LED_Out[7] = High/1000%10;              //取出数字千万位
  66   2      
  67   2      
  68   2                      
  69   2                      count = 10;
  70   2                      while(count--)
  71   2                      {
  72   3                              HC138C = 0; HC138B = 0; HC138A = 0;     //选中数码管第一位
  73   3                              P1 = table[LED_Out[7]];                 //显示数字
  74   3                              delay_nms(1);                           //延时
  75   3                              P1 = 0x00;                                                              //消影
  76   3                                                                      
  77   3                              HC138C = 0; HC138B = 0; HC138A = 1;     //选中数码管第二位
  78   3                              P1 = table[LED_Out[6]];                 //显示数字
  79   3                              delay_nms(1);                           //延时
  80   3                              P1 = 0x00;                                                              //消影
  81   3                                                              
  82   3                              HC138C = 0; HC138B = 1; HC138A = 0;     //选中数码管第三位
  83   3                              P1 = table[LED_Out[5]];                 //显示数字
  84   3                              delay_nms(1);                           //延时
  85   3                              P1 = 0x00;                                                              //消影
  86   3                                                              
  87   3                              HC138C = 0; HC138B = 1; HC138A = 1;     //选中数码管第四位
  88   3                              P1 = table[LED_Out[4]];                 //显示数字
  89   3                              delay_nms(1);                           //延时
  90   3                                                              
  91   3                              HC138C = 1; HC138B = 0; HC138A = 0;     //选中数码管第五位
  92   3                              P1 = table[LED_Out[3]];                 //显示数字
  93   3                              delay_nms(1);                           //延时
  94   3                              P1 = 0x00;                                                              //消影
  95   3                                                              
  96   3                              HC138C = 1; HC138B = 0; HC138A = 1;     //选中数码管第六位
  97   3                              P1 = table[LED_Out[2]];                 //显示数字
  98   3                              delay_nms(1);                           //延时
  99   3                              P1 = 0x00;                                                              //消影
 100   3                                                              
 101   3                              HC138C = 1; HC138B = 1; HC138A = 0;     //选中数码管第七位
 102   3                              P1 = table[LED_Out[1]];                 //显示数字
 103   3                              delay_nms(1);                           //延时
 104   3                                                              
 105   3                              HC138C = 1; HC138B = 1; HC138A = 1;     //选中数码管第八位
 106   3                              P1 = table[LED_Out[0]];                 //显示数字
 107   3                              delay_nms(1);                           //延时
 108   3                              P1 = 0x00;                                                              //消影
 109   3                      }
 110   2      
 111   2                      Low++;          //数值增加
 112   2                                                      
 113   2              }
 114   1      }
 115          
 116          
C51 COMPILER V9.00   DIGITAL_TUBE                                                          09/09/2015 10:50:48 PAGE 3   

 117          
 118          
 119          
 120          
 121          


MODULE INFORMATION:   STATIC OVERLAYABLE
   CODE SIZE        =    396    ----
   CONSTANT SIZE    =     24    ----
   XDATA SIZE       =   ----    ----
   PDATA SIZE       =   ----    ----
   DATA SIZE        =   ----      14
   IDATA SIZE       =   ----    ----
   BIT SIZE         =   ----    ----
END OF MODULE INFORMATION.


C51 COMPILATION COMPLETE.  0 WARNING(S),  0 ERROR(S)
