BL51 BANKED LINKER/LOCATER V6.22                                                        09/12/2015  10:41:33  PAGE 1


BL51 BANKED LINKER/LOCATER V6.22, INVOKED BY:
D:\KEIL\C51\BIN\BL51.EXE ..\Obj\main.obj, ..\Obj\dig_c.obj, ..\Obj\hc165.obj, ..\Obj\member.obj, ..\Obj\mySPI.obj, ..\Ob
>> j\uart.obj, ..\Obj\Myiic.obj, ..\Obj\MPU6050.obj, ..\Obj\oled.obj TO ..\Obj\Test PRINT (..\Obj\Test.m51) RAMSIZE (256
>> )


MEMORY MODEL: LARGE


INPUT MODULES INCLUDED:
  ..\Obj\main.obj (MAIN)
  ..\Obj\dig_c.obj (DIG_C)
  ..\Obj\hc165.obj (HC165)
  ..\Obj\member.obj (MEMBER)
  ..\Obj\mySPI.obj (MYSPI)
  ..\Obj\uart.obj (UART)
  ..\Obj\Myiic.obj (MYIIC)
  ..\Obj\MPU6050.obj (MPU6050)
  ..\Obj\oled.obj (OLED)
  D:\KEIL\C51\LIB\C51L.LIB (?C_STARTUP)
  D:\KEIL\C51\LIB\C51L.LIB (?C?COPY)
  D:\KEIL\C51\LIB\C51L.LIB (?C?CLDPTR)
  D:\KEIL\C51\LIB\C51L.LIB (?C?CLDOPTR)
  D:\KEIL\C51\LIB\C51L.LIB (?C?IMUL)
  D:\KEIL\C51\LIB\C51L.LIB (?C?UIDIV)
  D:\KEIL\C51\LIB\C51L.LIB (?C?SIDIV)
  D:\KEIL\C51\LIB\C51L.LIB (?C?ILDIX)
  D:\KEIL\C51\LIB\C51L.LIB (?C?SLDIV)
  D:\KEIL\C51\LIB\C51L.LIB (?C_INIT)
  D:\KEIL\C51\LIB\C51L.LIB (?C?ULDIV)


LINK MAP OF MODULE:  ..\Obj\Test (MAIN)


            TYPE    BASE      LENGTH    RELOCATION   SEGMENT NAME
            -----------------------------------------------------

            * * * * * * *   D A T A   M E M O R Y   * * * * * * *
            REG     0000H     0008H     ABSOLUTE     "REG BANK 0"
            IDATA   0008H     0001H     UNIT         ?STACK

            * * * * * * *  X D A T A   M E M O R Y  * * * * * * *
            XDATA   0000H     000EH     UNIT         ?XD?MEMBER
            XDATA   000EH     000AH     UNIT         ?XD?_UART_SENDNUM?UART
            XDATA   0018H     0008H     UNIT         ?XD?_SHOW_PICTURE?OLED
            XDATA   0020H     0008H     UNIT         _XDATA_GROUP_
            XDATA   0028H     0005H     UNIT         ?XD?_SHOW_NUM_F8X16?OLED
            XDATA   002DH     0002H     UNIT         ?XD?DIGC_TEST?DIG_C
            XDATA   002FH     0001H     UNIT         ?XD?_HC165_TEST?HC165
            XDATA   0030H     0001H     UNIT         ?XD?_SPI_READWRITEBYTE1?MYSPI
            XDATA   0031H     0001H     UNIT         ?XD?_SPI_READWRITEBYTE?MYSPI
            XDATA   0032H     0001H     UNIT         ?XD?MPU6050_READ_ALL_DAT?MPU6050
            XDATA   0033H     0001H     UNIT         ?XD?OLED_TEST?OLED
            XDATA   0034H     0001H     UNIT         ?XD?_SHOW_CHINESE?OLED

            * * * * * * *   C O D E   M E M O R Y   * * * * * * *
            CODE    0000H     0003H     ABSOLUTE     
BL51 BANKED LINKER/LOCATER V6.22                                                      09/12/2015  10:41:33  PAGE 2


            CODE    0003H     001FH     UNIT         ?PR?MPU6050_TEST?MPU6050
                    0022H     0001H                  *** GAP ***
            CODE    0023H     0003H     ABSOLUTE     
            CODE    0026H     0C08H     UNIT         ?CO?MEMBER
            CODE    0C2EH     02BDH     UNIT         ?C?LIB_CODE
            CODE    0EEBH     01CDH     UNIT         ?PR?MAIN?MAIN
            CODE    10B8H     011EH     UNIT         ?PR?_UART_SENDNUM?UART
            CODE    11D6H     00EFH     UNIT         ?PR?_SHOW_PICTURE?OLED
            CODE    12C5H     00A0H     UNIT         ?PR?_SHOW_F8X16STR?OLED
            CODE    1365H     009FH     UNIT         ?PR?OLED_INIT?OLED
            CODE    1404H     0095H     UNIT         ?PR?_SHOW_NUM_F8X16?OLED
            CODE    1499H     008CH     UNIT         ?C_C51STARTUP
            CODE    1525H     007EH     UNIT         ?PR?_SHOW_F6X8STR?OLED
            CODE    15A3H     0074H     UNIT         ?PR?_SHOW_CHINESE?OLED
            CODE    1617H     0067H     UNIT         ?PR?_SHOW_NUM_F6X8?OLED
            CODE    167EH     0053H     UNIT         ?PR?MPU6050_READ_ALL_DAT?MPU6050
            CODE    16D1H     0046H     UNIT         ?PR?_IIC_READ_BYTE?MYIIC
            CODE    1717H     0046H     UNIT         ?PR?_DEVICE_READ_BYTE?MYIIC
            CODE    175DH     0044H     UNIT         ?PR?OLED_TEST?OLED
            CODE    17A1H     0044H     UNIT         ?C?LDIV
            CODE    17E5H     0042H     UNIT         ?PR?_HC165_TEST?HC165
            CODE    1827H     0042H     UNIT         ?PR?UART?UART
            CODE    1869H     003AH     UNIT         ?PR?_IIC_SEND_BYTE?MYIIC
            CODE    18A3H     0038H     UNIT         ?CO?MAIN
            CODE    18DBH     0037H     UNIT         ?PR?MPU6050_INIT?MPU6050
            CODE    1912H     0034H     UNIT         ?PR?DIGC_TEST?DIG_C
            CODE    1946H     0032H     UNIT         ?PR?_DEVICE_WRITE_BYTE?MYIIC
            CODE    1978H     002FH     UNIT         ?CO?HC165
            CODE    19A7H     002FH     UNIT         ?PR?_WRITE_COM?OLED
            CODE    19D6H     002EH     UNIT         ?PR?_WRITE_DATA?OLED
            CODE    1A04H     0027H     UNIT         ?PR?IIC_WAIT_ACK?MYIIC
            CODE    1A2BH     0025H     UNIT         ?PR?_SET_POS?OLED
            CODE    1A50H     0025H     UNIT         ?PR?_MY_POW?OLED
            CODE    1A75H     0023H     UNIT         ?PR?_DELAY_MS?MEMBER
            CODE    1A98H     0023H     UNIT         ?CO?MPU6050
            CODE    1ABBH     0022H     UNIT         ?PR?HC165_GETDATA?HC165
            CODE    1ADDH     0022H     UNIT         ?PR?_SPI_READWRITEBYTE1?MYSPI
            CODE    1AFFH     0022H     UNIT         ?PR?_SPI_READWRITEBYTE?MYSPI
            CODE    1B21H     001EH     UNIT         ?PR?_UART_INIT?UART
            CODE    1B3FH     0017H     UNIT         ?PR?LCD_FILL?OLED
            CODE    1B56H     0017H     UNIT         ?PR?LCD_CLS?OLED
            CODE    1B6DH     0013H     UNIT         ?PR?_UARTSENDSTR?UART
            CODE    1B80H     000FH     UNIT         ?PR?IIC_START?MYIIC
            CODE    1B8FH     000FH     UNIT         ?PR?IIC_STOP?MYIIC
            CODE    1B9EH     000FH     UNIT         ?PR?IIC_ACK?MYIIC
            CODE    1BADH     000FH     UNIT         ?PR?IIC_NACK?MYIIC
            CODE    1BBCH     000BH     UNIT         ?CO?UART
            CODE    1BC7H     000AH     UNIT         ?PR?DELAY_US?MEMBER
            CODE    1BD1H     0008H     UNIT         ?PR?_UARTSENTCHAR?UART
            CODE    1BD9H     0005H     UNIT         ?C_INITSEG
            CODE    1BDEH     0005H     UNIT         ?PR?IIC_INIT?MYIIC



OVERLAY MAP OF MODULE:   ..\Obj\Test (MAIN)


BL51 BANKED LINKER/LOCATER V6.22                                                      09/12/2015  10:41:33  PAGE 3


SEGMENT                                    XDATA_GROUP
  +--> CALLED SEGMENT                    START    LENGTH
--------------------------------------------------------
?PR?UART?UART                            -----    -----
  +--> ?PR?_UARTSENTCHAR?UART

*** NEW ROOT ***************************************************

?C_C51STARTUP                            -----    -----
  +--> ?PR?MAIN?MAIN
  +--> ?C_INITSEG

?PR?MAIN?MAIN                            -----    -----
  +--> ?PR?_UART_INIT?UART
  +--> ?PR?MPU6050_INIT?MPU6050
  +--> ?PR?OLED_INIT?OLED
  +--> ?PR?MPU6050_TEST?MPU6050
  +--> ?CO?MAIN
  +--> ?PR?_SHOW_F6X8STR?OLED
  +--> ?PR?_DEVICE_READ_BYTE?MYIIC
  +--> ?PR?_SHOW_NUM_F6X8?OLED

?PR?_UART_INIT?UART                      0020H    0002H

?PR?MPU6050_INIT?MPU6050                 -----    -----
  +--> ?PR?IIC_INIT?MYIIC
  +--> ?PR?_DEVICE_WRITE_BYTE?MYIIC
  +--> ?PR?_DELAY_MS?MEMBER

?PR?_DEVICE_WRITE_BYTE?MYIIC             0020H    0003H
  +--> ?PR?IIC_START?MYIIC
  +--> ?PR?_IIC_SEND_BYTE?MYIIC
  +--> ?PR?IIC_WAIT_ACK?MYIIC
  +--> ?PR?IIC_STOP?MYIIC

?PR?IIC_START?MYIIC                      -----    -----
  +--> ?PR?DELAY_US?MEMBER

?PR?DELAY_US?MEMBER                      0026H    0002H

?PR?_IIC_SEND_BYTE?MYIIC                 0023H    0002H
  +--> ?PR?DELAY_US?MEMBER

?PR?IIC_WAIT_ACK?MYIIC                   0023H    0001H
  +--> ?PR?DELAY_US?MEMBER
  +--> ?PR?IIC_STOP?MYIIC

?PR?IIC_STOP?MYIIC                       -----    -----
  +--> ?PR?DELAY_US?MEMBER

?PR?OLED_INIT?OLED                       -----    -----
  +--> ?PR?_DELAY_MS?MEMBER
  +--> ?PR?_WRITE_COM?OLED
  +--> ?PR?LCD_CLS?OLED
  +--> ?PR?_SET_POS?OLED

?PR?LCD_CLS?OLED                         -----    -----
BL51 BANKED LINKER/LOCATER V6.22                                                      09/12/2015  10:41:33  PAGE 4


  +--> ?PR?_WRITE_COM?OLED
  +--> ?PR?_WRITE_DATA?OLED

?PR?_WRITE_DATA?OLED                     -----    -----
  +--> ?CO?MEMBER

?PR?_SET_POS?OLED                        -----    -----
  +--> ?PR?_WRITE_COM?OLED

?PR?MPU6050_TEST?MPU6050                 -----    -----
  +--> ?PR?_DEVICE_READ_BYTE?MYIIC
  +--> ?CO?MPU6050
  +--> ?PR?_SHOW_F8X16STR?OLED

?PR?_DEVICE_READ_BYTE?MYIIC              0020H    0003H
  +--> ?PR?IIC_START?MYIIC
  +--> ?PR?_IIC_SEND_BYTE?MYIIC
  +--> ?PR?IIC_WAIT_ACK?MYIIC
  +--> ?PR?_IIC_READ_BYTE?MYIIC
  +--> ?PR?IIC_STOP?MYIIC

?PR?_IIC_READ_BYTE?MYIIC                 0023H    0003H
  +--> ?PR?DELAY_US?MEMBER
  +--> ?PR?IIC_NACK?MYIIC
  +--> ?PR?IIC_ACK?MYIIC

?PR?IIC_NACK?MYIIC                       -----    -----
  +--> ?PR?DELAY_US?MEMBER

?PR?IIC_ACK?MYIIC                        -----    -----
  +--> ?PR?DELAY_US?MEMBER

?PR?_SHOW_F8X16STR?OLED                  0020H    0007H
  +--> ?PR?_SET_POS?OLED
  +--> ?CO?MEMBER
  +--> ?PR?_WRITE_DATA?OLED

?PR?_SHOW_F6X8STR?OLED                   0020H    0007H
  +--> ?PR?_SET_POS?OLED
  +--> ?CO?MEMBER
  +--> ?PR?_WRITE_DATA?OLED

?PR?_SHOW_NUM_F6X8?OLED                  0020H    0005H
  +--> ?PR?_MY_POW?OLED
  +--> ?PR?_SET_POS?OLED
  +--> ?CO?MEMBER
  +--> ?PR?_WRITE_DATA?OLED

?PR?_MY_POW?OLED                         0025H    0001H



SYMBOL TABLE OF MODULE:  ..\Obj\Test (MAIN)

  VALUE           TYPE          NAME
  ----------------------------------

BL51 BANKED LINKER/LOCATER V6.22                                                      09/12/2015  10:41:33  PAGE 5


  -------         MODULE        MAIN
  C:0000H         SYMBOL        _ICE_DUMMY_
  D:0080H         PUBLIC        P0
  D:0090H         PUBLIC        P1
  D:00A0H         PUBLIC        P2
  D:00B0H         PUBLIC        P3
  D:00C0H         PUBLIC        P4
  D:00C8H         PUBLIC        P5
  D:00A8H         PUBLIC        IE
  D:00B8H         PUBLIC        IP
  D:00D8H         PUBLIC        CCON
  C:0EEBH         PUBLIC        main
  D:0098H         PUBLIC        SCON
  D:0088H         PUBLIC        TCON
  D:00E0H         PUBLIC        ACC
  D:00D0H         PUBLIC        PSW
  -------         PROC          MAIN
  C:0EEBH         LINE#         15
  C:0EEBH         LINE#         16
  C:0EEBH         LINE#         18
  C:0EF2H         LINE#         20
  C:0EF5H         LINE#         22
  C:0EF8H         LINE#         25
  C:0EFBH         LINE#         27
  C:0F08H         LINE#         28
  C:0F15H         LINE#         29
  C:0F22H         LINE#         30
  C:0F2FH         LINE#         31
  C:0F3CH         LINE#         32
  C:0F49H         LINE#         34
  C:0F56H         LINE#         35
  C:0F63H         LINE#         36
  C:0F70H         LINE#         37
  C:0F7DH         LINE#         38
  C:0F8AH         LINE#         39
  C:0F97H         LINE#         41
  C:0F97H         LINE#         42
  C:0F97H         LINE#         46
  C:0FAFH         LINE#         47
  C:0FC7H         LINE#         48
  C:0FDFH         LINE#         49
  C:0FF7H         LINE#         50
  C:100EH         LINE#         51
  C:1025H         LINE#         53
  C:103DH         LINE#         54
  C:1055H         LINE#         55
  C:106DH         LINE#         56
  C:1085H         LINE#         57
  C:109DH         LINE#         58
  C:10B5H         LINE#         80
  -------         ENDPROC       MAIN
  -------         ENDMOD        MAIN

  -------         MODULE        DIG_C
  C:0000H         SYMBOL        _ICE_DUMMY_
  D:0080H         PUBLIC        P0
  D:0090H         PUBLIC        P1
BL51 BANKED LINKER/LOCATER V6.22                                                      09/12/2015  10:41:33  PAGE 6


  D:00A0H         PUBLIC        P2
  D:00B0H         PUBLIC        P3
  D:00C0H         PUBLIC        P4
  D:00C8H         PUBLIC        P5
  D:00A8H         PUBLIC        IE
  D:00B8H         PUBLIC        IP
  D:00D8H         PUBLIC        CCON
  D:0098H         PUBLIC        SCON
  D:0088H         PUBLIC        TCON
  D:00E0H         PUBLIC        ACC
  C:1912H         PUBLIC        DigC_Test
  D:00D0H         PUBLIC        PSW
  -------         PROC          DIGC_TEST
  -------         DO            
  X:002DH         SYMBOL        i
  X:002EH         SYMBOL        j
  -------         ENDDO         
  C:1912H         LINE#         3
  C:1912H         LINE#         4
  C:1912H         LINE#         7
  C:1917H         LINE#         8
  C:1917H         LINE#         9
  C:1928H         LINE#         10
  C:192FH         LINE#         11
  C:1936H         LINE#         12
  C:1939H         LINE#         13
  C:1945H         LINE#         27
  -------         ENDPROC       DIGC_TEST
  -------         ENDMOD        DIG_C

  -------         MODULE        HC165
  C:0000H         SYMBOL        _ICE_DUMMY_
  D:0080H         PUBLIC        P0
  D:0090H         PUBLIC        P1
  D:00A0H         PUBLIC        P2
  D:00B0H         PUBLIC        P3
  D:00C0H         PUBLIC        P4
  D:00C8H         PUBLIC        P5
  D:00A8H         PUBLIC        IE
  D:00B8H         PUBLIC        IP
  D:00D8H         PUBLIC        CCON
  B:0090H.6       PUBLIC        HC165_PL
  C:1ABBH         PUBLIC        HC165_GetData
  C:17E5H         PUBLIC        _HC165_Test
  B:00B0H.5       PUBLIC        HC165_SO
  D:0098H         PUBLIC        SCON
  D:0088H         PUBLIC        TCON
  D:00E0H         PUBLIC        ACC
  B:0090H.7       PUBLIC        HC165_CLK
  D:00D0H         PUBLIC        PSW
  -------         PROC          _HC165_TEST
  D:0007H         SYMBOL        testdat
  -------         DO            
  X:002FH         SYMBOL        temp
  -------         ENDDO         
  C:17E5H         LINE#         4
  C:17E5H         LINE#         5
BL51 BANKED LINKER/LOCATER V6.22                                                      09/12/2015  10:41:33  PAGE 7


  C:17E5H         LINE#         7
  C:17E7H         LINE#         8
  C:17EFH         LINE#         10
  C:17F5H         LINE#         11
  C:17F5H         LINE#         12
  C:17F9H         LINE#         13
  C:17F9H         LINE#         14
  C:17F9H         LINE#         15
  C:17FBH         LINE#         17
  C:17FBH         LINE#         18
  C:1805H         LINE#         19
  C:1812H         LINE#         20
  C:1826H         LINE#         21
  C:1826H         LINE#         36
  -------         ENDPROC       _HC165_TEST
  -------         PROC          HC165_GETDATA
  -------         DO            
  D:0006H         SYMBOL        i
  D:0007H         SYMBOL        result
  -------         ENDDO         
  C:1ABBH         LINE#         37
  C:1ABBH         LINE#         38
  C:1ABBH         LINE#         39
  C:1ABDH         LINE#         40
  C:1ABFH         LINE#         41
  C:1AC1H         LINE#         42
  C:1AC3H         LINE#         44
  C:1AC7H         LINE#         46
  C:1AC9H         LINE#         47
  C:1AC9H         LINE#         48
  C:1ACBH         LINE#         49
  C:1ACDH         LINE#         51
  C:1AD1H         LINE#         52
  C:1AD7H         LINE#         53
  C:1ADCH         LINE#         54
  C:1ADCH         LINE#         55
  -------         ENDPROC       HC165_GETDATA
  -------         ENDMOD        HC165

  -------         MODULE        MEMBER
  C:0000H         SYMBOL        _ICE_DUMMY_
  C:0076H         PUBLIC        F_DigC
  C:02BEH         PUBLIC        f8x16
  D:0080H         PUBLIC        P0
  D:0090H         PUBLIC        P1
  D:00A0H         PUBLIC        P2
  D:00B0H         PUBLIC        P3
  D:00C0H         PUBLIC        P4
  D:00C8H         PUBLIC        P5
  C:0026H         PUBLIC        ledarray_num
  D:00A8H         PUBLIC        IE
  D:00B8H         PUBLIC        IP
  X:0000H         PUBLIC        MPU6050_Data
  D:00D8H         PUBLIC        CCON
  C:08AEH         PUBLIC        logo
  C:1A75H         PUBLIC        _Delay_ms
  D:0098H         PUBLIC        SCON
BL51 BANKED LINKER/LOCATER V6.22                                                      09/12/2015  10:41:33  PAGE 8


  D:0088H         PUBLIC        TCON
  X:000DH         PUBLIC        Timer0Count
  D:00E0H         PUBLIC        ACC
  C:0096H         PUBLIC        f6x8
  C:1BC7H         PUBLIC        delay_us
  D:00D0H         PUBLIC        PSW
  C:0086H         PUBLIC        F_DigA
  -------         PROC          _DELAY_MS
  D:0006H         SYMBOL        z
  -------         DO            
  D:0004H         SYMBOL        x
  D:0002H         SYMBOL        y
  -------         ENDDO         
  C:1A75H         LINE#         3
  C:1A75H         LINE#         4
  C:1A75H         LINE#         6
  C:1A78H         LINE#         7
  C:1A97H         LINE#         8
  -------         ENDPROC       _DELAY_MS
  -------         PROC          DELAY_US
  -------         DO            
  X:0026H         SYMBOL        i
  -------         ENDDO         
  C:1BC7H         LINE#         10
  C:1BC7H         LINE#         11
  C:1BC7H         LINE#         12
  C:1BCEH         LINE#         15
  C:1BCFH         LINE#         16
  C:1BD0H         LINE#         17
  C:1BD0H         LINE#         18
  -------         ENDPROC       DELAY_US
  -------         ENDMOD        MEMBER

  -------         MODULE        MYSPI
  C:0000H         SYMBOL        _ICE_DUMMY_
  D:0080H         PUBLIC        P0
  D:0090H         PUBLIC        P1
  D:00A0H         PUBLIC        P2
  D:00B0H         PUBLIC        P3
  D:00C0H         PUBLIC        P4
  D:00C8H         PUBLIC        P5
  B:0090H.0       PUBLIC        SPI_MISO
  B:0090H.2       PUBLIC        SPI_MOSI
  D:00A8H         PUBLIC        IE
  D:00B8H         PUBLIC        IP
  C:1ADDH         PUBLIC        _SPI_ReadWriteByte1
  D:00D8H         PUBLIC        CCON
  B:0090H.1       PUBLIC        SPI_CLK
  D:0098H         PUBLIC        SCON
  D:0088H         PUBLIC        TCON
  D:00E0H         PUBLIC        ACC
  C:1AFFH         PUBLIC        _SPI_ReadWriteByte
  D:00D0H         PUBLIC        PSW
  -------         PROC          _SPI_READWRITEBYTE1
  D:0007H         SYMBOL        dat
  -------         DO            
  D:0006H         SYMBOL        i
BL51 BANKED LINKER/LOCATER V6.22                                                      09/12/2015  10:41:33  PAGE 9


  X:0030H         SYMBOL        val
  -------         ENDDO         
  C:1ADDH         LINE#         3
  C:1ADDH         LINE#         4
  C:1ADDH         LINE#         5
  C:1AE2H         LINE#         6
  C:1AE3H         LINE#         7
  C:1AE3H         LINE#         8
  C:1AE5H         LINE#         9
  C:1AEBH         LINE#         10
  C:1AEFH         LINE#         11
  C:1AF1H         LINE#         13
  C:1AF7H         LINE#         14
  C:1AF9H         LINE#         15
  C:1AFEH         LINE#         16
  C:1AFEH         LINE#         17
  -------         ENDPROC       _SPI_READWRITEBYTE1
  -------         PROC          _SPI_READWRITEBYTE
  D:0007H         SYMBOL        dat
  -------         DO            
  D:0006H         SYMBOL        i
  X:0031H         SYMBOL        val
  -------         ENDDO         
  C:1AFFH         LINE#         21
  C:1AFFH         LINE#         22
  C:1AFFH         LINE#         23
  C:1B04H         LINE#         24
  C:1B05H         LINE#         25
  C:1B05H         LINE#         26
  C:1B07H         LINE#         27
  C:1B0DH         LINE#         28
  C:1B11H         LINE#         29
  C:1B13H         LINE#         31
  C:1B19H         LINE#         32
  C:1B1BH         LINE#         33
  C:1B20H         LINE#         34
  C:1B20H         LINE#         35
  -------         ENDPROC       _SPI_READWRITEBYTE
  -------         ENDMOD        MYSPI

  -------         MODULE        UART
  C:0000H         SYMBOL        _ICE_DUMMY_
  D:0080H         PUBLIC        P0
  D:0090H         PUBLIC        P1
  D:00A0H         PUBLIC        P2
  D:00B0H         PUBLIC        P3
  D:00C0H         PUBLIC        P4
  D:00C8H         PUBLIC        P5
  B:00A8H.7       PUBLIC        EA
  D:00A8H         PUBLIC        IE
  C:1B21H         PUBLIC        _Uart_Init
  B:00A8H.4       PUBLIC        ES
  D:00B8H         PUBLIC        IP
  B:0098H.0       PUBLIC        RI
  B:0098H.1       PUBLIC        TI
  C:1827H         PUBLIC        Uart
  D:00D8H         PUBLIC        CCON
BL51 BANKED LINKER/LOCATER V6.22                                                      09/12/2015  10:41:33  PAGE 10


  D:0099H         PUBLIC        SBUF
  D:0098H         PUBLIC        SCON
  D:0089H         PUBLIC        TMOD
  D:0088H         PUBLIC        TCON
  C:1BD1H         PUBLIC        _UartSentChar
  C:10B8H         PUBLIC        _Uart_SendNum
  C:1BBFH         SYMBOL        _?ix1000
  D:00E0H         PUBLIC        ACC
  D:008DH         PUBLIC        TH1
  B:0098H.7       PUBLIC        SM0
  B:0098H.6       PUBLIC        SM1
  D:008BH         PUBLIC        TL1
  B:0088H.6       PUBLIC        TR1
  B:0098H.4       PUBLIC        REN
  C:1B6DH         PUBLIC        _UartSendStr
  D:00D0H         PUBLIC        PSW
  -------         PROC          _UART_INIT
  X:0020H         SYMBOL        bound
  C:1B21H         LINE#         3
  C:1B29H         LINE#         4
  C:1B29H         LINE#         25
  C:1B2CH         LINE#         26
  C:1B2FH         LINE#         27
  C:1B32H         LINE#         28
  C:1B34H         LINE#         29
  C:1B36H         LINE#         30
  C:1B38H         LINE#         31
  C:1B3AH         LINE#         32
  C:1B3CH         LINE#         33
  C:1B3EH         LINE#         35
  -------         ENDPROC       _UART_INIT
  -------         PROC          UART
  -------         DO            
  D:0007H         SYMBOL        temp
  -------         ENDDO         
  C:1827H         LINE#         37
  C:1844H         LINE#         40
  C:1847H         LINE#         41
  C:1847H         LINE#         42
  C:1849H         LINE#         43
  C:184BH         LINE#         44
  C:184EH         LINE#         47
  C:184EH         LINE#         48
  -------         ENDPROC       UART
  -------         PROC          _UARTSENTCHAR
  D:0007H         SYMBOL        ch
  C:1BD1H         LINE#         51
  C:1BD1H         LINE#         52
  C:1BD1H         LINE#         53
  C:1BD3H         LINE#         54
  C:1BD6H         LINE#         55
  C:1BD8H         LINE#         56
  -------         ENDPROC       _UARTSENTCHAR
  -------         PROC          _UARTSENDSTR
  D:0001H         SYMBOL        ch
  C:1B6DH         LINE#         58
  C:1B6DH         LINE#         59
BL51 BANKED LINKER/LOCATER V6.22                                                      09/12/2015  10:41:33  PAGE 11


  C:1B6DH         LINE#         60
  C:1B73H         LINE#         61
  C:1B73H         LINE#         62
  C:1B76H         LINE#         63
  C:1B7DH         LINE#         64
  C:1B7FH         LINE#         65
  -------         ENDPROC       _UARTSENDSTR
  -------         PROC          _UART_SENDNUM
  X:000EH         SYMBOL        num
  -------         DO            
  X:0010H         SYMBOL        ch
  -------         ENDDO         
  C:10B8H         LINE#         67
  C:10C0H         LINE#         68
  C:10C0H         LINE#         69
  C:10D3H         LINE#         71
  C:10E3H         LINE#         72
  C:10E3H         LINE#         73
  C:10E7H         LINE#         74
  C:10F4H         LINE#         75
  C:10F6H         LINE#         77
  C:10FCH         LINE#         79
  C:111CH         LINE#         80
  C:114EH         LINE#         81
  C:1174H         LINE#         82
  C:1191H         LINE#         83
  C:11B4H         LINE#         84
  C:11C4H         LINE#         86
  C:11CDH         LINE#         87
  -------         ENDPROC       _UART_SENDNUM
  -------         ENDMOD        UART

  -------         MODULE        MYIIC
  C:0000H         SYMBOL        _ICE_DUMMY_
  D:0080H         PUBLIC        P0
  D:0090H         PUBLIC        P1
  D:00A0H         PUBLIC        P2
  D:00B0H         PUBLIC        P3
  D:00C0H         PUBLIC        P4
  D:00C8H         PUBLIC        P5
  D:00A8H         PUBLIC        IE
  B:00A0H.1       PUBLIC        IIC_SDA
  C:1BADH         PUBLIC        IIC_NAck
  B:00A0H.0       PUBLIC        IIC_SCL
  D:00B8H         PUBLIC        IP
  D:00D8H         PUBLIC        CCON
  C:1717H         PUBLIC        _Device_Read_Byte
  C:16D1H         PUBLIC        _IIC_Read_Byte
  D:0098H         PUBLIC        SCON
  D:0088H         PUBLIC        TCON
  C:1946H         PUBLIC        _Device_Write_Byte
  C:1869H         PUBLIC        _IIC_Send_Byte
  C:1A04H         PUBLIC        IIC_Wait_Ack
  C:1B9EH         PUBLIC        IIC_Ack
  C:1B80H         PUBLIC        IIC_Start
  D:00E0H         PUBLIC        ACC
  C:1BDEH         PUBLIC        IIC_Init
BL51 BANKED LINKER/LOCATER V6.22                                                      09/12/2015  10:41:33  PAGE 12


  C:1B8FH         PUBLIC        IIC_Stop
  D:00D0H         PUBLIC        PSW
  -------         PROC          IIC_INIT
  C:1BDEH         LINE#         4
  C:1BDEH         LINE#         5
  C:1BDEH         LINE#         6
  C:1BE0H         LINE#         7
  C:1BE2H         LINE#         8
  -------         ENDPROC       IIC_INIT
  -------         PROC          IIC_START
  C:1B80H         LINE#         12
  C:1B80H         LINE#         13
  C:1B80H         LINE#         15
  C:1B82H         LINE#         16
  C:1B84H         LINE#         17
  C:1B87H         LINE#         18
  C:1B89H         LINE#         19
  C:1B8CH         LINE#         20
  C:1B8EH         LINE#         21
  -------         ENDPROC       IIC_START
  -------         PROC          IIC_STOP
  C:1B8FH         LINE#         23
  C:1B8FH         LINE#         24
  C:1B8FH         LINE#         26
  C:1B91H         LINE#         27
  C:1B93H         LINE#         28
  C:1B96H         LINE#         29
  C:1B98H         LINE#         30
  C:1B9BH         LINE#         31
  C:1B9DH         LINE#         34
  -------         ENDPROC       IIC_STOP
  -------         PROC          IIC_WAIT_ACK
  -------         DO            
  X:0023H         SYMBOL        ucErrTime
  -------         ENDDO         
  C:1A04H         LINE#         38
  C:1A04H         LINE#         39
  C:1A04H         LINE#         40
  C:1A09H         LINE#         42
  C:1A0EH         LINE#         44
  C:1A11H         LINE#         45
  C:1A11H         LINE#         46
  C:1A17H         LINE#         47
  C:1A1DH         LINE#         48
  C:1A1DH         LINE#         49
  C:1A20H         LINE#         50
  C:1A23H         LINE#         51
  C:1A23H         LINE#         52
  C:1A23H         LINE#         53
  C:1A25H         LINE#         54
  C:1A28H         LINE#         55
  C:1A2AH         LINE#         56
  -------         ENDPROC       IIC_WAIT_ACK
  -------         PROC          IIC_ACK
  C:1B9EH         LINE#         58
  C:1B9EH         LINE#         59
  C:1B9EH         LINE#         60
BL51 BANKED LINKER/LOCATER V6.22                                                      09/12/2015  10:41:33  PAGE 13


  C:1BA0H         LINE#         62
  C:1BA2H         LINE#         63
  C:1BA5H         LINE#         64
  C:1BA7H         LINE#         65
  C:1BAAH         LINE#         66
  C:1BACH         LINE#         67
  -------         ENDPROC       IIC_ACK
  -------         PROC          IIC_NACK
  C:1BADH         LINE#         69
  C:1BADH         LINE#         70
  C:1BADH         LINE#         71
  C:1BAFH         LINE#         73
  C:1BB1H         LINE#         74
  C:1BB4H         LINE#         75
  C:1BB6H         LINE#         76
  C:1BB9H         LINE#         77
  C:1BBBH         LINE#         78
  -------         ENDPROC       IIC_NACK
  -------         PROC          _IIC_SEND_BYTE
  X:0023H         SYMBOL        txd
  -------         DO            
  X:0024H         SYMBOL        t
  -------         ENDDO         
  C:1869H         LINE#         83
  C:186EH         LINE#         84
  C:186EH         LINE#         87
  C:1870H         LINE#         88
  C:1873H         LINE#         89
  C:1873H         LINE#         90
  C:1885H         LINE#         91
  C:1889H         LINE#         92
  C:188CH         LINE#         93
  C:188EH         LINE#         94
  C:1891H         LINE#         95
  C:1893H         LINE#         96
  C:1896H         LINE#         97
  C:18A2H         LINE#         98
  -------         ENDPROC       _IIC_SEND_BYTE
  -------         PROC          _IIC_READ_BYTE
  X:0023H         SYMBOL        ack
  -------         DO            
  X:0024H         SYMBOL        i
  X:0025H         SYMBOL        receive
  -------         ENDDO         
  C:16D1H         LINE#         100
  C:16D6H         LINE#         101
  C:16D6H         LINE#         102
  C:16DBH         LINE#         104
  C:16DFH         LINE#         105
  C:16DFH         LINE#         106
  C:16E1H         LINE#         107
  C:16E4H         LINE#         108
  C:16E6H         LINE#         109
  C:16EEH         LINE#         110
  C:16F4H         LINE#         111
  C:16F7H         LINE#         112
  C:1703H         LINE#         113
BL51 BANKED LINKER/LOCATER V6.22                                                      09/12/2015  10:41:33  PAGE 14


  C:1709H         LINE#         114
  C:170EH         LINE#         116
  C:1711H         LINE#         117
  C:1716H         LINE#         118
  -------         ENDPROC       _IIC_READ_BYTE
  -------         PROC          _DEVICE_WRITE_BYTE
  X:0020H         SYMBOL        DevAdd
  X:0021H         SYMBOL        add
  X:0022H         SYMBOL        dat
  C:1946H         LINE#         120
  C:1951H         LINE#         121
  C:1951H         LINE#         122
  C:1954H         LINE#         123
  C:195CH         LINE#         124
  C:195FH         LINE#         126
  C:1967H         LINE#         127
  C:196AH         LINE#         129
  C:1972H         LINE#         130
  C:1975H         LINE#         132
  -------         ENDPROC       _DEVICE_WRITE_BYTE
  -------         PROC          _DEVICE_READ_BYTE
  X:0020H         SYMBOL        DevAdd
  X:0021H         SYMBOL        add
  -------         DO            
  X:0022H         SYMBOL        IIC_DATA
  -------         ENDDO         
  C:1717H         LINE#         136
  C:171FH         LINE#         137
  C:171FH         LINE#         138
  C:1722H         LINE#         139
  C:1725H         LINE#         140
  C:172DH         LINE#         141
  C:1730H         LINE#         142
  C:1738H         LINE#         143
  C:173BH         LINE#         145
  C:173EH         LINE#         146
  C:1747H         LINE#         147
  C:174AH         LINE#         149
  C:1754H         LINE#         150
  C:1757H         LINE#         151
  C:175CH         LINE#         152
  -------         ENDPROC       _DEVICE_READ_BYTE
  -------         ENDMOD        MYIIC

  -------         MODULE        MPU6050
  C:0000H         SYMBOL        _ICE_DUMMY_
  D:0080H         PUBLIC        P0
  D:0090H         PUBLIC        P1
  D:00A0H         PUBLIC        P2
  D:00B0H         PUBLIC        P3
  D:00C0H         PUBLIC        P4
  D:00C8H         PUBLIC        P5
  D:00A8H         PUBLIC        IE
  C:167EH         PUBLIC        MPU6050_Read_All_Dat
  D:00B8H         PUBLIC        IP
  D:00D8H         PUBLIC        CCON
  D:0098H         PUBLIC        SCON
BL51 BANKED LINKER/LOCATER V6.22                                                      09/12/2015  10:41:33  PAGE 15


  D:0088H         PUBLIC        TCON
  C:18DBH         PUBLIC        MPU6050_Init
  C:0003H         PUBLIC        MPU6050_Test
  D:00E0H         PUBLIC        ACC
  D:00D0H         PUBLIC        PSW
  -------         PROC          MPU6050_TEST
  -------         DO            
  D:0007H         SYMBOL        temp
  -------         ENDDO         
  C:0003H         LINE#         3
  C:0003H         LINE#         4
  C:0003H         LINE#         5
  C:0004H         LINE#         6
  C:000BH         LINE#         8
  C:0011H         LINE#         9
  C:0011H         LINE#         10
  C:0015H         LINE#         13
  C:0017H         LINE#         15
  C:0017H         LINE#         16
  C:0021H         LINE#         19
  C:0021H         LINE#         20
  -------         ENDPROC       MPU6050_TEST
  -------         PROC          MPU6050_INIT
  C:18DBH         LINE#         22
  C:18DBH         LINE#         23
  C:18DBH         LINE#         24
  C:18DEH         LINE#         25
  C:18E7H         LINE#         26
  C:18F0H         LINE#         27
  C:18F9H         LINE#         28
  C:1902H         LINE#         29
  C:190BH         LINE#         30
  -------         ENDPROC       MPU6050_INIT
  -------         PROC          MPU6050_READ_ALL_DAT
  -------         DO            
  X:0032H         SYMBOL        i
  -------         ENDDO         
  C:167EH         LINE#         33
  C:167EH         LINE#         34
  C:167EH         LINE#         36
  C:1681H         LINE#         37
  C:1686H         LINE#         38
  C:1689H         LINE#         39
  C:168EH         LINE#         40
  C:1691H         LINE#         42
  C:1694H         LINE#         43
  C:1699H         LINE#         44
  C:169CH         LINE#         46
  C:16A1H         LINE#         47
  C:16A1H         LINE#         48
  C:16B5H         LINE#         49
  C:16B8H         LINE#         50
  C:16C4H         LINE#         51
  C:16CEH         LINE#         53
  -------         ENDPROC       MPU6050_READ_ALL_DAT
  -------         ENDMOD        MPU6050

BL51 BANKED LINKER/LOCATER V6.22                                                      09/12/2015  10:41:33  PAGE 16


  -------         MODULE        OLED
  C:0000H         SYMBOL        _ICE_DUMMY_
  C:1A57H         PUBLIC        _My_pow
  D:0080H         PUBLIC        P0
  D:0090H         PUBLIC        P1
  D:00A0H         PUBLIC        P2
  D:00B0H         PUBLIC        P3
  D:00C0H         PUBLIC        P4
  D:00C8H         PUBLIC        P5
  D:00A8H         PUBLIC        IE
  C:19B5H         PUBLIC        _Write_Com
  B:00A0H.4       PUBLIC        LCD_SDE
  C:1404H         PUBLIC        _Show_Num_f8x16
  B:00A0H.5       PUBLIC        LCD_SCL
  D:00B8H         PUBLIC        IP
  C:1365H         PUBLIC        OLED_Init
  D:00D8H         PUBLIC        CCON
  C:175DH         PUBLIC        OLED_Test
  C:1525H         PUBLIC        _Show_f6x8str
  B:00A0H.7       PUBLIC        LCD_RST
  D:0098H         PUBLIC        SCON
  D:0088H         PUBLIC        TCON
  B:00A0H.6       PUBLIC        LCD_DC
  C:1B3FH         PUBLIC        LCD_Fill
  C:1A32H         PUBLIC        _Set_Pos
  C:15A3H         PUBLIC        _Show_Chinese
  D:00E0H         PUBLIC        ACC
  B:00A0H.3       PUBLIC        LCD_CS
  C:1B56H         PUBLIC        LCD_Cls
  C:12C5H         PUBLIC        _Show_f8x16str
  C:1617H         PUBLIC        _Show_Num_f6x8
  C:11D6H         PUBLIC        _Show_Picture
  C:19E3H         PUBLIC        _Write_Data
  D:00D0H         PUBLIC        PSW
  -------         PROC          OLED_TEST
  -------         DO            
  X:0033H         SYMBOL        i
  -------         ENDDO         
  C:175DH         LINE#         3
  C:175DH         LINE#         4
  C:175DH         LINE#         6
  C:1762H         LINE#         7
  C:177DH         LINE#         9
  C:1783H         LINE#         10
  C:17A0H         LINE#         11
  -------         ENDPROC       OLED_TEST
  C:19A8H         SYMBOL        L?0119
  C:19B0H         SYMBOL        L?0120
  -------         PROC          L?0118
  -------         ENDPROC       L?0118
  C:19A8H         SYMBOL        L?0119
  C:19B0H         SYMBOL        L?0120
  -------         PROC          _WRITE_COM
  D:0007H         SYMBOL        com
  -------         DO            
  D:0006H         SYMBOL        i
  -------         ENDDO         
BL51 BANKED LINKER/LOCATER V6.22                                                      09/12/2015  10:41:33  PAGE 17


  C:19B5H         LINE#         13
  C:19B5H         LINE#         14
  C:19B5H         LINE#         16
  C:19B7H         LINE#         18
  C:19B9H         LINE#         19
  C:19B9H         LINE#         20
  C:19BBH         LINE#         21
  C:19C8H         LINE#         22
  C:19CCH         LINE#         24
  C:19CEH         LINE#         25
  C:19D0H         LINE#         26
  C:19D5H         LINE#         27
  -------         ENDPROC       _WRITE_COM
  C:19D6H         SYMBOL        L?0116
  C:19DEH         SYMBOL        L?0117
  -------         PROC          L?0115
  -------         ENDPROC       L?0115
  C:19D6H         SYMBOL        L?0116
  C:19DEH         SYMBOL        L?0117
  -------         PROC          _WRITE_DATA
  D:0007H         SYMBOL        date
  -------         DO            
  D:0006H         SYMBOL        i
  -------         ENDDO         
  C:19E3H         LINE#         28
  C:19E3H         LINE#         29
  C:19E3H         LINE#         31
  C:19E5H         LINE#         33
  C:19E7H         LINE#         34
  C:19E7H         LINE#         35
  C:19E9H         LINE#         36
  C:19F6H         LINE#         37
  C:19FAH         LINE#         39
  C:19FCH         LINE#         40
  C:19FEH         LINE#         41
  C:1A03H         LINE#         42
  -------         ENDPROC       _WRITE_DATA
  C:1A2DH         SYMBOL        L?0122
  -------         PROC          L?0121
  -------         ENDPROC       L?0121
  C:1A2DH         SYMBOL        L?0122
  -------         PROC          _SET_POS
  D:0004H         SYMBOL        x
  D:0005H         SYMBOL        y
  C:1A32H         LINE#         43
  C:1A34H         LINE#         44
  C:1A34H         LINE#         45
  C:1A3BH         LINE#         46
  C:1A47H         LINE#         47
  -------         ENDPROC       _SET_POS
  -------         PROC          LCD_FILL
  -------         DO            
  D:0005H         SYMBOL        y
  D:0004H         SYMBOL        x
  -------         ENDDO         
  C:1B3FH         LINE#         49
  C:1B3FH         LINE#         50
BL51 BANKED LINKER/LOCATER V6.22                                                      09/12/2015  10:41:33  PAGE 18


  C:1B3FH         LINE#         52
  C:1B41H         LINE#         53
  C:1B41H         LINE#         54
  C:1B41H         LINE#         55
  C:1B41H         LINE#         56
  C:1B44H         LINE#         57
  C:1B46H         LINE#         58
  C:1B50H         LINE#         59
  C:1B55H         LINE#         60
  -------         ENDPROC       LCD_FILL
  -------         PROC          LCD_CLS
  -------         DO            
  D:0005H         SYMBOL        y
  D:0004H         SYMBOL        x
  -------         ENDDO         
  C:1B56H         LINE#         61
  C:1B56H         LINE#         62
  C:1B56H         LINE#         64
  C:1B58H         LINE#         65
  C:1B58H         LINE#         66
  C:1B58H         LINE#         67
  C:1B58H         LINE#         68
  C:1B5BH         LINE#         69
  C:1B5DH         LINE#         70
  C:1B67H         LINE#         71
  C:1B6CH         LINE#         72
  -------         ENDPROC       LCD_CLS
  -------         PROC          OLED_INIT
  C:1365H         LINE#         73
  C:1365H         LINE#         74
  C:1365H         LINE#         75
  C:1367H         LINE#         76
  C:1369H         LINE#         78
  C:136BH         LINE#         79
  C:1372H         LINE#         80
  C:1374H         LINE#         84
  C:1379H         LINE#         85
  C:137BH         LINE#         86
  C:137EH         LINE#         87
  C:1383H         LINE#         89
  C:1388H         LINE#         90
  C:138DH         LINE#         92
  C:1392H         LINE#         93
  C:1397H         LINE#         94
  C:139CH         LINE#         96
  C:13A1H         LINE#         97
  C:13A6H         LINE#         98
  C:13ABH         LINE#         99
  C:13B0H         LINE#         101
  C:13B5H         LINE#         102
  C:13BAH         LINE#         104
  C:13BFH         LINE#         105
  C:13C4H         LINE#         107
  C:13C9H         LINE#         108
  C:13CEH         LINE#         109
  C:13D3H         LINE#         110
  C:13D8H         LINE#         111
BL51 BANKED LINKER/LOCATER V6.22                                                      09/12/2015  10:41:33  PAGE 19


  C:13DDH         LINE#         112
  C:13E2H         LINE#         113
  C:13E7H         LINE#         114
  C:13ECH         LINE#         115
  C:13F1H         LINE#         116
  C:13F6H         LINE#         117
  C:13FBH         LINE#         118
  C:13FEH         LINE#         119
  -------         ENDPROC       OLED_INIT
  -------         PROC          _SHOW_F6X8STR
  X:0020H         SYMBOL        x
  X:0021H         SYMBOL        y
  X:0022H         SYMBOL        ch
  -------         DO            
  X:0025H         SYMBOL        c
  D:0005H         SYMBOL        i
  X:0026H         SYMBOL        j
  -------         ENDDO         
  C:1525H         LINE#         123
  C:1536H         LINE#         124
  C:1536H         LINE#         125
  C:153BH         LINE#         126
  C:1554H         LINE#         127
  C:1554H         LINE#         128
  C:155AH         LINE#         129
  C:1569H         LINE#         130
  C:156FH         LINE#         131
  C:1571H         LINE#         132
  C:1593H         LINE#         133
  C:159AH         LINE#         134
  C:15A0H         LINE#         135
  C:15A2H         LINE#         136
  -------         ENDPROC       _SHOW_F6X8STR
  -------         PROC          L?0123
  -------         ENDPROC       L?0123
  -------         PROC          _MY_POW
  X:0025H         SYMBOL        m
  D:0001H         SYMBOL        n
  -------         DO            
  D:0006H         SYMBOL        result
  -------         ENDDO         
  C:1A57H         LINE#         138
  C:1A5EH         LINE#         139
  C:1A5EH         LINE#         140
  C:1A62H         LINE#         141
  C:1A74H         LINE#         142
  C:1A74H         LINE#         143
  -------         ENDPROC       _MY_POW
  -------         PROC          _SHOW_NUM_F8X16
  X:0028H         SYMBOL        x
  X:0029H         SYMBOL        y
  X:002AH         SYMBOL        num
  X:002CH         SYMBOL        len
  -------         DO            
  D:0002H         SYMBOL        temp
  D:0003H         SYMBOL        t
  D:0005H         SYMBOL        i
BL51 BANKED LINKER/LOCATER V6.22                                                      09/12/2015  10:41:33  PAGE 20


  -------         ENDDO         
  C:1404H         LINE#         145
  C:1412H         LINE#         146
  C:1412H         LINE#         148
  C:141EH         LINE#         149
  C:141EH         LINE#         150
  C:1439H         LINE#         152
  C:143FH         LINE#         153
  C:1441H         LINE#         154
  C:1460H         LINE#         155
  C:146CH         LINE#         156
  C:146EH         LINE#         157
  C:148DH         LINE#         158
  C:1494H         LINE#         159
  C:1498H         LINE#         160
  -------         ENDPROC       _SHOW_NUM_F8X16
  -------         PROC          _SHOW_NUM_F6X8
  X:0020H         SYMBOL        x
  X:0021H         SYMBOL        y
  X:0022H         SYMBOL        num
  X:0024H         SYMBOL        len
  -------         DO            
  D:0002H         SYMBOL        temp
  D:0003H         SYMBOL        t
  D:0005H         SYMBOL        i
  -------         ENDDO         
  C:1617H         LINE#         163
  C:1625H         LINE#         164
  C:1625H         LINE#         166
  C:1631H         LINE#         167
  C:1631H         LINE#         168
  C:164CH         LINE#         170
  C:1652H         LINE#         171
  C:1654H         LINE#         172
  C:1673H         LINE#         173
  C:167AH         LINE#         174
  C:167DH         LINE#         175
  -------         ENDPROC       _SHOW_NUM_F6X8
  -------         PROC          _SHOW_F8X16STR
  X:0020H         SYMBOL        x
  X:0021H         SYMBOL        y
  X:0022H         SYMBOL        ch
  -------         DO            
  X:0025H         SYMBOL        c
  D:0005H         SYMBOL        i
  X:0026H         SYMBOL        j
  -------         ENDDO         
  C:12C5H         LINE#         177
  C:12D6H         LINE#         178
  C:12D6H         LINE#         179
  C:12DBH         LINE#         181
  C:12F4H         LINE#         182
  C:12F4H         LINE#         183
  C:12FAH         LINE#         186
  C:1300H         LINE#         187
  C:1302H         LINE#         188
  C:1324H         LINE#         189
BL51 BANKED LINKER/LOCATER V6.22                                                      09/12/2015  10:41:33  PAGE 21


  C:1330H         LINE#         190
  C:1332H         LINE#         191
  C:1354H         LINE#         192
  C:135BH         LINE#         193
  C:1361H         LINE#         194
  C:1364H         LINE#         195
  -------         ENDPROC       _SHOW_F8X16STR
  -------         PROC          _SHOW_CHINESE
  X:0034H         SYMBOL        x
  D:0001H         SYMBOL        y
  D:0003H         SYMBOL        N
  -------         DO            
  D:0005H         SYMBOL        i
  D:0002H         SYMBOL        adder
  -------         ENDDO         
  C:15A3H         LINE#         199
  C:15AAH         LINE#         200
  C:15AAH         LINE#         202
  C:15B2H         LINE#         203
  C:15B7H         LINE#         204
  C:15B9H         LINE#         205
  C:15B9H         LINE#         206
  C:15BCH         LINE#         207
  C:15C1H         LINE#         208
  C:15C6H         LINE#         209
  C:15D1H         LINE#         210
  C:15D3H         LINE#         211
  C:15D3H         LINE#         212
  C:15D6H         LINE#         213
  C:15DBH         LINE#         214
  C:15E0H         LINE#         215
  C:15ECH         LINE#         216
  C:15EEH         LINE#         217
  C:15EEH         LINE#         218
  C:15F1H         LINE#         219
  C:15F6H         LINE#         220
  C:15FBH         LINE#         221
  C:1607H         LINE#         222
  C:1609H         LINE#         223
  C:1609H         LINE#         224
  C:160CH         LINE#         225
  C:1611H         LINE#         226
  C:1616H         LINE#         227
  -------         ENDPROC       _SHOW_CHINESE
  -------         PROC          _SHOW_PICTURE
  X:0018H         SYMBOL        Long
  X:0019H         SYMBOL        pp
  X:001CH         SYMBOL        EN
  -------         DO            
  X:001DH         SYMBOL        y
  X:001EH         SYMBOL        x
  X:001FH         SYMBOL        null
  -------         ENDDO         
  C:11D6H         LINE#         230
  C:11E6H         LINE#         231
  C:11E6H         LINE#         234
  C:11F6H         LINE#         235
BL51 BANKED LINKER/LOCATER V6.22                                                      09/12/2015  10:41:33  PAGE 22


  C:1208H         LINE#         236
  C:1208H         LINE#         237
  C:1209H         LINE#         238
  C:1209H         LINE#         239
  C:120CH         LINE#         241
  C:121CH         LINE#         242
  C:121CH         LINE#         243
  C:1222H         LINE#         244
  C:1226H         LINE#         245
  C:122BH         LINE#         246
  C:1233H         LINE#         248
  C:1255H         LINE#         249
  C:1255H         LINE#         250
  C:125EH         LINE#         251
  C:1270H         LINE#         253
  C:1285H         LINE#         254
  C:128DH         LINE#         255
  C:12A4H         LINE#         256
  C:12A4H         LINE#         257
  C:12AAH         LINE#         258
  C:12AEH         LINE#         259
  C:12B3H         LINE#         260
  C:12BBH         LINE#         261
  C:12C4H         LINE#         262
  -------         ENDPROC       _SHOW_PICTURE
  -------         ENDMOD        OLED

  -------         MODULE        ?C?COPY
  C:0CFEH         PUBLIC        ?C?COPY
  -------         ENDMOD        ?C?COPY

  -------         MODULE        ?C?CLDPTR
  C:0D24H         PUBLIC        ?C?CLDPTR
  -------         ENDMOD        ?C?CLDPTR

  -------         MODULE        ?C?CLDOPTR
  C:0D3DH         PUBLIC        ?C?CLDOPTR
  -------         ENDMOD        ?C?CLDOPTR

  -------         MODULE        ?C?IMUL
  C:0D6AH         PUBLIC        ?C?IMUL
  -------         ENDMOD        ?C?IMUL

  -------         MODULE        ?C?UIDIV
  C:0D7CH         PUBLIC        ?C?UIDIV
  -------         ENDMOD        ?C?UIDIV

  -------         MODULE        ?C?SIDIV
  C:0DD1H         PUBLIC        ?C?SIDIV
  -------         ENDMOD        ?C?SIDIV

  -------         MODULE        ?C?ILDIX
  C:0E07H         PUBLIC        ?C?ILDIX
  -------         ENDMOD        ?C?ILDIX

  -------         MODULE        ?C?SLDIV
  C:17A1H         PUBLIC        ?C?SLDIV
BL51 BANKED LINKER/LOCATER V6.22                                                      09/12/2015  10:41:33  PAGE 23


  -------         ENDMOD        ?C?SLDIV

  -------         MODULE        ?C?ULDIV
  C:0E59H         PUBLIC        ?C?ULDIV
  -------         ENDMOD        ?C?ULDIV

*** WARNING L16: UNCALLED SEGMENT, IGNORED FOR OVERLAY PROCESS
    SEGMENT: ?PR?DIGC_TEST?DIG_C

*** WARNING L16: UNCALLED SEGMENT, IGNORED FOR OVERLAY PROCESS
    SEGMENT: ?PR?_HC165_TEST?HC165

*** WARNING L16: UNCALLED SEGMENT, IGNORED FOR OVERLAY PROCESS
    SEGMENT: ?PR?_SPI_READWRITEBYTE1?MYSPI

*** WARNING L16: UNCALLED SEGMENT, IGNORED FOR OVERLAY PROCESS
    SEGMENT: ?PR?_SPI_READWRITEBYTE?MYSPI

*** WARNING L16: UNCALLED SEGMENT, IGNORED FOR OVERLAY PROCESS
    SEGMENT: ?PR?_UART_SENDNUM?UART

*** WARNING L16: UNCALLED SEGMENT, IGNORED FOR OVERLAY PROCESS
    SEGMENT: ?PR?MPU6050_READ_ALL_DAT?MPU6050

*** WARNING L16: UNCALLED SEGMENT, IGNORED FOR OVERLAY PROCESS
    SEGMENT: ?PR?OLED_TEST?OLED

*** WARNING L16: UNCALLED SEGMENT, IGNORED FOR OVERLAY PROCESS
    SEGMENT: ?PR?LCD_FILL?OLED

*** WARNING L16: UNCALLED SEGMENT, IGNORED FOR OVERLAY PROCESS
    SEGMENT: ?PR?_SHOW_PICTURE?OLED

Program Size: data=9.0 xdata=53 code=7138
LINK/LOCATE RUN COMPLETE.  9 WARNING(S),  0 ERROR(S)
