BL51 BANKED LINKER/LOCATER V6.22                                                        08/27/2015  18:45:44  PAGE 1


BL51 BANKED LINKER/LOCATER V6.22, INVOKED BY:
D:\KEIL\C51\BIN\BL51.EXE test.obj TO test RAMSIZE (256)


MEMORY MODEL: SMALL WITH FLOATING POINT ARITHMETIC


INPUT MODULES INCLUDED:
  test.obj (TEST)
  D:\KEIL\C51\LIB\C51FPS.LIB (?C?FPMUL)
  D:\KEIL\C51\LIB\C51FPS.LIB (?C?FCAST)
  D:\KEIL\C51\LIB\C51FPS.LIB (?C?CASTF)
  D:\KEIL\C51\LIB\C51FPS.LIB (?C?FPGETOPN)
  D:\KEIL\C51\LIB\C51S.LIB (?C_STARTUP)
  D:\KEIL\C51\LIB\C51S.LIB (?C?CLDPTR)
  D:\KEIL\C51\LIB\C51S.LIB (?C?UIDIV)
  D:\KEIL\C51\LIB\C51S.LIB (?C?LNEG)
  D:\KEIL\C51\LIB\C51S.LIB (?C_INIT)


LINK MAP OF MODULE:  test (TEST)


            TYPE    BASE      LENGTH    RELOCATION   SEGMENT NAME
            -----------------------------------------------------

            * * * * * * *   D A T A   M E M O R Y   * * * * * * *
            REG     0000H     0008H     ABSOLUTE     "REG BANK 0"
            DATA    0008H     0003H     UNIT         _DATA_GROUP_
                    000BH     0015H                  *** GAP ***
            BIT     0020H.0   0000H.1   UNIT         _BIT_GROUP_
                    0020H.1   0000H.7                *** GAP ***
            DATA    0021H     0022H     UNIT         ?DT?TEST
            IDATA   0043H     0001H     UNIT         ?STACK

            * * * * * * *   C O D E   M E M O R Y   * * * * * * *
            CODE    0000H     0003H     ABSOLUTE     
            CODE    0003H     0010H     UNIT         ?PR?_DELAYNMS?TEST
            CODE    0013H     0003H     ABSOLUTE     
            CODE    0016H     0241H     UNIT         ?C?LIB_CODE
            CODE    0257H     00DEH     UNIT         ?PR?DIAOYONG?TEST
            CODE    0335H     008CH     UNIT         ?C_C51STARTUP
            CODE    03C1H     0040H     UNIT         ?PR?LCDINITIATE?TEST
            CODE    0401H     0023H     UNIT         ?C_INITSEG
            CODE    0424H     0021H     UNIT         ?PR?ESTERN?TEST
            CODE    0445H     001EH     UNIT         ?PR?_DELAY?TEST
            CODE    0463H     001CH     UNIT         ?PR?_WRITEINSTRUCTION?TEST
            CODE    047FH     001AH     UNIT         ?PR?_WRITEDATA?TEST
            CODE    0499H     0013H     UNIT         ?PR?BUSYTEST?TEST
            CODE    04ACH     0013H     UNIT         ?PR?_WRITESTRING?TEST
            CODE    04BFH     0011H     UNIT         ?PR?MAIN?TEST
            CODE    04D0H     000FH     UNIT         ?PR?INITIME0?TEST
            CODE    04DFH     0007H     UNIT         ?PR?DELAY20US?TEST
            CODE    04E6H     0007H     UNIT         ?PR?DELAY1MS?TEST
            CODE    04EDH     0007H     UNIT         ?PR?_WRITEADDRESS?TEST



BL51 BANKED LINKER/LOCATER V6.22                                                      08/27/2015  18:45:44  PAGE 2


OVERLAY MAP OF MODULE:   test (TEST)


SEGMENT                               BIT_GROUP          DATA_GROUP 
  +--> CALLED SEGMENT              START    LENGTH     START    LENGTH
----------------------------------------------------------------------
?C_C51STARTUP                      -----    -----      -----    -----
  +--> ?PR?MAIN?TEST
  +--> ?C_INITSEG

?PR?MAIN?TEST                      -----    -----      -----    -----
  +--> ?PR?INITIME0?TEST
  +--> ?PR?LCDINITIATE?TEST
  +--> ?PR?DIAOYONG?TEST

?PR?LCDINITIATE?TEST               -----    -----      -----    -----
  +--> ?PR?_DELAYNMS?TEST
  +--> ?PR?_WRITEINSTRUCTION?TEST

?PR?_DELAYNMS?TEST                 -----    -----      -----    -----
  +--> ?PR?DELAY1MS?TEST

?PR?DELAY1MS?TEST                  -----    -----      0008H    0001H

?PR?_WRITEINSTRUCTION?TEST         -----    -----      -----    -----
  +--> ?PR?BUSYTEST?TEST

?PR?BUSYTEST?TEST                  0020H.0  0000H.1    -----    -----

?PR?DIAOYONG?TEST                  -----    -----      0008H    0003H
  +--> ?PR?DELAY20US?TEST
  +--> ?PR?_DELAY?TEST
  +--> ?PR?_WRITEADDRESS?TEST
  +--> ?PR?_WRITESTRING?TEST
  +--> ?PR?_WRITEDATA?TEST

?PR?_WRITEADDRESS?TEST             -----    -----      -----    -----
  +--> ?PR?_WRITEINSTRUCTION?TEST

?PR?_WRITESTRING?TEST              -----    -----      -----    -----
  +--> ?PR?_WRITEDATA?TEST

?PR?_WRITEDATA?TEST                -----    -----      -----    -----
  +--> ?PR?BUSYTEST?TEST



SYMBOL TABLE OF MODULE:  test (TEST)

  VALUE           TYPE          NAME
  ----------------------------------

  -------         MODULE        TEST
  C:0000H         SYMBOL        _ICE_DUMMY_
  D:0080H         PUBLIC        P0
  D:0090H         PUBLIC        P1
  D:00A0H         PUBLIC        P2
BL51 BANKED LINKER/LOCATER V6.22                                                      08/27/2015  18:45:44  PAGE 3


  D:00B0H         PUBLIC        P3
  B:00A8H.7       PUBLIC        EA
  B:0080H.7       PUBLIC        BF
  C:04ACH         PUBLIC        _WriteString
  C:047FH         PUBLIC        _WriteData
  D:00A8H         PUBLIC        IE
  C:0445H         PUBLIC        _delay
  C:0424H         PUBLIC        estern
  D:00B8H         PUBLIC        IP
  D:0021H         PUBLIC        timeh
  D:0023H         PUBLIC        flag
  D:0024H         PUBLIC        timel
  B:00B0H.3       PUBLIC        echo
  C:04D0H         PUBLIC        initime0
  C:04E6H         PUBLIC        delay1ms
  B:00A0H.5       PUBLIC        RS
  C:04BFH         PUBLIC        main
  B:00A0H.4       PUBLIC        RW
  D:0026H         PUBLIC        time
  D:0098H         PUBLIC        SCON
  D:0089H         PUBLIC        TMOD
  D:0088H         PUBLIC        TCON
  B:00B0H.6       PUBLIC        trig
  C:0463H         PUBLIC        _WriteInstruction
  D:0028H         PUBLIC        dis
  B:0090H.0       PUBLIC        test
  B:00A0H.3       PUBLIC        E
  C:0499H         PUBLIC        BusyTest
  B:00A8H.1       PUBLIC        ET0
  D:008CH         PUBLIC        TH0
  B:00A8H.2       PUBLIC        EX1
  D:0035H         PUBLIC        distance
  D:008AH         PUBLIC        TL0
  C:03C1H         PUBLIC        LcdInitiate
  D:0037H         PUBLIC        num
  B:0088H.4       PUBLIC        TR0
  C:04EDH         PUBLIC        _WriteAddress
  D:0042H         PUBLIC        succeed_flag
  C:04DFH         PUBLIC        delay20us
  C:0257H         PUBLIC        diaoyong
  C:0003H         PUBLIC        _delaynms
  D:00C8H         PUBLIC        T2CON
  D:00D0H         PUBLIC        PSW
  -------         PROC          _DELAY
  D:0006H         SYMBOL        z
  -------         DO            
  D:0006H         SYMBOL        x
  D:0004H         SYMBOL        y
  -------         ENDDO         
  C:0445H         LINE#         29
  C:0445H         LINE#         30
  C:0445H         LINE#         32
  C:044EH         LINE#         33
  C:0462H         LINE#         34
  -------         ENDPROC       _DELAY
  -------         PROC          DELAY20US
  -------         DO            
BL51 BANKED LINKER/LOCATER V6.22                                                      08/27/2015  18:45:44  PAGE 4


  D:0007H         SYMBOL        a
  -------         ENDDO         
  C:04DFH         LINE#         36
  C:04DFH         LINE#         37
  C:04DFH         LINE#         39
  C:04E5H         LINE#         40
  -------         ENDPROC       DELAY20US
  -------         PROC          DELAY1MS
  -------         DO            
  D:0008H         SYMBOL        i
  D:0007H         SYMBOL        j
  -------         ENDDO         
  C:04E6H         LINE#         48
  C:04E6H         LINE#         49
  C:04E6H         LINE#         52
  C:04ECH         LINE#         53
  -------         ENDPROC       DELAY1MS
  -------         PROC          _DELAYNMS
  D:0006H         SYMBOL        n
  -------         DO            
  D:0005H         SYMBOL        i
  -------         ENDDO         
  C:0003H         LINE#         55
  C:0005H         LINE#         56
  C:0005H         LINE#         58
  C:000CH         LINE#         59
  C:0012H         LINE#         60
  -------         ENDPROC       _DELAYNMS
  -------         PROC          BUSYTEST
  -------         DO            
  B:0020H.0       SYMBOL        result
  -------         ENDDO         
  C:0499H         LINE#         63
  C:0499H         LINE#         64
  C:0499H         LINE#         66
  C:049BH         LINE#         67
  C:049DH         LINE#         68
  C:049FH         LINE#         69
  C:04A0H         LINE#         70
  C:04A1H         LINE#         71
  C:04A2H         LINE#         72
  C:04A3H         LINE#         73
  C:04A7H         LINE#         74
  C:04A9H         LINE#         75
  C:04ABH         LINE#         76
  -------         ENDPROC       BUSYTEST
  -------         PROC          _WRITEINSTRUCTION
  D:0007H         SYMBOL        dictate
  C:0463H         LINE#         79
  C:0463H         LINE#         80
  C:0463H         LINE#         81
  C:0468H         LINE#         82
  C:046AH         LINE#         83
  C:046CH         LINE#         84
  C:046EH         LINE#         86
  C:046FH         LINE#         87
  C:0470H         LINE#         88
BL51 BANKED LINKER/LOCATER V6.22                                                      08/27/2015  18:45:44  PAGE 5


  C:0472H         LINE#         89
  C:0473H         LINE#         90
  C:0474H         LINE#         91
  C:0475H         LINE#         92
  C:0476H         LINE#         93
  C:0478H         LINE#         94
  C:0479H         LINE#         95
  C:047AH         LINE#         96
  C:047BH         LINE#         97
  C:047CH         LINE#         98
  C:047EH         LINE#         99
  -------         ENDPROC       _WRITEINSTRUCTION
  -------         PROC          _WRITEADDRESS
  D:0007H         SYMBOL        x
  C:04EDH         LINE#         102
  C:04EDH         LINE#         103
  C:04EDH         LINE#         104
  -------         ENDPROC       _WRITEADDRESS
  -------         PROC          _WRITEDATA
  D:0007H         SYMBOL        y
  C:047FH         LINE#         108
  C:047FH         LINE#         109
  C:047FH         LINE#         110
  C:0484H         LINE#         111
  C:0486H         LINE#         112
  C:0488H         LINE#         113
  C:048AH         LINE#         115
  C:048CH         LINE#         116
  C:048DH         LINE#         117
  C:048EH         LINE#         118
  C:048FH         LINE#         119
  C:0490H         LINE#         120
  C:0492H         LINE#         121
  C:0493H         LINE#         122
  C:0494H         LINE#         123
  C:0495H         LINE#         124
  C:0496H         LINE#         125
  C:0498H         LINE#         126
  -------         ENDPROC       _WRITEDATA
  -------         PROC          _WRITESTRING
  D:0001H         SYMBOL        dat
  C:04ACH         LINE#         128
  C:04ACH         LINE#         129
  C:04ACH         LINE#         130
  C:04B2H         LINE#         131
  C:04B2H         LINE#         132
  C:04B5H         LINE#         133
  C:04BCH         LINE#         134
  C:04BEH         LINE#         135
  -------         ENDPROC       _WRITESTRING
  -------         PROC          LCDINITIATE
  C:03C1H         LINE#         138
  C:03C1H         LINE#         139
  C:03C1H         LINE#         140
  C:03C6H         LINE#         141
  C:03CBH         LINE#         142
  C:03D0H         LINE#         143
BL51 BANKED LINKER/LOCATER V6.22                                                      08/27/2015  18:45:44  PAGE 6


  C:03D5H         LINE#         144
  C:03DAH         LINE#         145
  C:03DFH         LINE#         146
  C:03E4H         LINE#         147
  C:03E9H         LINE#         148
  C:03EEH         LINE#         149
  C:03F3H         LINE#         150
  C:03F7H         LINE#         151
  C:03FCH         LINE#         152
  -------         ENDPROC       LCDINITIATE
  -------         PROC          INITIME0
  C:04D0H         LINE#         274
  C:04D0H         LINE#         275
  C:04D0H         LINE#         276
  C:04D3H         LINE#         277
  C:04D6H         LINE#         278
  C:04D8H         LINE#         279
  C:04DAH         LINE#         280
  C:04DCH         LINE#         281
  C:04DEH         LINE#         282
  -------         ENDPROC       INITIME0
  -------         PROC          ESTERN
  C:0424H         LINE#         285
  C:042BH         LINE#         287
  C:0432H         LINE#         288
  C:0439H         LINE#         290
  C:043CH         LINE#         291
  C:043EH         LINE#         292
  C:0440H         LINE#         293
  -------         ENDPROC       ESTERN
  -------         PROC          DIAOYONG
  -------         DO            
  D:0006H         SYMBOL        i
  D:0008H         SYMBOL        temp
  D:0006H         SYMBOL        xiaoshu
  -------         ENDDO         
  C:0257H         LINE#         297
  C:0257H         LINE#         298
  C:0257H         LINE#         302
  C:0259H         LINE#         303
  C:025BH         LINE#         304
  C:025DH         LINE#         305
  C:0260H         LINE#         306
  C:0262H         LINE#         307
  C:0265H         LINE#         308
  C:0268H         LINE#         309
  C:026AH         LINE#         310
  C:026CH         LINE#         311
  C:026EH         LINE#         312
  C:0270H         LINE#         313
  C:0272H         LINE#         314
  C:0274H         LINE#         315
  C:0274H         LINE#         317
  C:027FH         LINE#         318
  C:0286H         LINE#         319
  C:0288H         LINE#         320
  C:028AH         LINE#         321
BL51 BANKED LINKER/LOCATER V6.22                                                      08/27/2015  18:45:44  PAGE 7


  C:0293H         LINE#         322
  C:0293H         LINE#         323
  C:02A2H         LINE#         324
  C:02BBH         LINE#         327
  C:02C7H         LINE#         328
  C:02E4H         LINE#         329
  C:0301H         LINE#         330
  C:0310H         LINE#         334
  C:0315H         LINE#         335
  C:031EH         LINE#         336
  C:0323H         LINE#         337
  C:0328H         LINE#         340
  C:032AH         LINE#         341
  C:032AH         LINE#         342
  C:032EH         LINE#         343
  C:032EH         LINE#         344
  C:0332H         LINE#         345
  C:0334H         LINE#         346
  C:0334H         LINE#         347
  -------         ENDPROC       DIAOYONG
  -------         PROC          MAIN
  C:04BFH         LINE#         351
  C:04BFH         LINE#         352
  C:04BFH         LINE#         353
  C:04C2H         LINE#         354
  C:04C5H         LINE#         355
  C:04C7H         LINE#         356
  C:04C9H         LINE#         357
  C:04CBH         LINE#         358
  C:04CBH         LINE#         359
  C:04CBH         LINE#         360
  C:04CEH         LINE#         363
  -------         ENDPROC       MAIN
  -------         ENDMOD        TEST

  -------         MODULE        ?C?FPMUL
  C:0016H         PUBLIC        ?C?FPMUL
  -------         ENDMOD        ?C?FPMUL

  -------         MODULE        ?C?FCAST
  C:0126H         PUBLIC        ?C?FCASTC
  C:0121H         PUBLIC        ?C?FCASTI
  C:011CH         PUBLIC        ?C?FCASTL
  -------         ENDMOD        ?C?FCAST

  -------         MODULE        ?C?CASTF
  C:015AH         PUBLIC        ?C?CASTF
  -------         ENDMOD        ?C?CASTF

  -------         MODULE        ?C?CLDPTR
  C:01DBH         PUBLIC        ?C?CLDPTR
  -------         ENDMOD        ?C?CLDPTR

  -------         MODULE        ?C?UIDIV
  C:01F4H         PUBLIC        ?C?UIDIV
  -------         ENDMOD        ?C?UIDIV

BL51 BANKED LINKER/LOCATER V6.22                                                      08/27/2015  18:45:44  PAGE 8


  -------         MODULE        ?C?LNEG
  C:0249H         PUBLIC        ?C?LNEG
  -------         ENDMOD        ?C?LNEG

Program Size: data=46.1 xdata=0 code=1268
LINK/LOCATE RUN COMPLETE.  0 WARNING(S),  0 ERROR(S)
