C51 COMPILER V9.01   BUTTON                                                                07/09/2015 20:26:21 PAGE 1   


C51 COMPILER V9.01, COMPILATION OF MODULE BUTTON
OBJECT MODULE PLACED IN Button.OBJ
COMPILER INVOKED BY: D:\Keil\C51\BIN\C51.EXE Button.c BROWSE DEBUG OBJECTEXTEND

line level    source

   1          
   2          
   3          
   4          
   5          #include <reg52.h>
   6          
   7          sbit BUTTON = P0^0;         //定义按键在P0.0端口上
   8          sbit LED = P1^0;            //定义LED在P1.0端口上
   9          
  10          void main()
  11          {
  12   1              while(1)
  13   1              {
  14   2      //              LED = 0;
  15   2                      if(BUTTON == 0)
  16   2                      {
  17   3                              LED = 0;
  18   3                      }                       
  19   2                      else 
  20   2                      {
  21   3                              LED = 1;
  22   3                      }       
  23   2              }
  24   1      }


MODULE INFORMATION:   STATIC OVERLAYABLE
   CODE SIZE        =     11    ----
   CONSTANT SIZE    =   ----    ----
   XDATA SIZE       =   ----    ----
   PDATA SIZE       =   ----    ----
   DATA SIZE        =   ----    ----
   IDATA SIZE       =   ----    ----
   BIT SIZE         =   ----    ----
END OF MODULE INFORMATION.


C51 COMPILATION COMPLETE.  0 WARNING(S),  0 ERROR(S)
